<html>
<body>
<pre>
<h1>礦ision Build Log</h1>
<h2>Tool Versions:</h2>
IDE-Version: μVision V5.14.0.0
Copyright (C) 2015 ARM Ltd and ARM Germany GmbH. All rights reserved.
License Information: 123 123, 123123, LIC=7YKY8-3TRIG-C2DL6-DKBE9-9XMR1-Z8UPK
 
Tool Versions:
Toolchain:       MDK-ARM Professional  Version: 5.14.0.0
Toolchain Path:  F:\Keil_v5\ARM\ARMCC\Bin
C Compiler:      Armcc.exe V5.05 update 1 (build 106)
Assembler:       Armasm.exe V5.05 update 1 (build 106)
Linker/Locator:  ArmLink.exe V5.05 update 1 (build 106)
Library Manager: ArmAr.exe V5.05 update 1 (build 106)
Hex Converter:   FromElf.exe V5.05 update 1 (build 106)
CPU DLL:         SARMCM3.DLL V5.14.0.0
Dialog DLL:      DCM.DLL V1.13.1.0
Target DLL:      STLink\ST-LINKIII-KEIL_SWO.dll V2.0.14.0_KEIL
Dialog DLL:      TCM.DLL V1.14.4.0
 
<h2>Project:</h2>
F:\13 ATK-ESP8266 WIFI MODULE\13 ATK-ESP8266 WIFI MODULE\2，程序源码\my_wifi\（库函数版本，适合探索者STM32F4开发板）扩展实验13 ATK-ESP8266WIFI模块实验\USER\ATK_ESP8266.uvprojx
Project File Date:  04/20/2019

<h2>Output:</h2>
Build target 'Target 1'
compiling main.c...
main.c(24): warning:  #550-D: variable "fontok" was set but never used
        u8 key,fontok=0; 
main.c: 1 warning, 0 errors
compiling apsta.c...
compiling common.c...
compiling wifiap.c...
..\ATK-ESP8266\wifiap.c(207): warning:  #167-D: argument of type "u8 *" is incompatible with parameter of type "char *restrict"
        sprintf(temp, "AT+CIPAP=\"%s\"", ip);
..\ATK-ESP8266\wifiap.c: 1 warning, 0 errors
compiling wifista.c...
compiling usmart_config.c...
linking...
Program Size: Code=57788 RO-data=7932 RW-data=940 ZI-data=1226076  
FromELF: creating hex file...
"..\OBJ\ATK_ESP8266.axf" - 0 Error(s), 2 Warning(s).

<h2>Collection of Component include folders:</h2>
  F:\13 ATK-ESP8266 WIFI MODULE\13 ATK-ESP8266 WIFI MODULE\2，程序源码\my_wifi\（库函数版本，适合探索者STM32F4开发板）扩展实验13 ATK-ESP8266WIFI模块实验\USER\RTE
  F:\Keil_v5\ARM\PACK\Keil\STM32F4xx_DFP\1.0.8\Device\Include

<h2>Collection of Component Files used:</h2>
</pre>
</body>
</html>
